TAP version 13
1..52
ok 2 testTapProducer
ok 4 testConsumer
ok 6 simpleTestOk
not ok 8
  ---
  file: br.eti.kinoshita.tap4j.ext.TestNGIntegration.java
  description: A test that purposefully fails.
  wanted: java.io.IOException
  found: java.lang.Exception
  extensions:
    Start: 1287077799880
    End: 1287077799880
    Took: 0
    Parameters: Johnson, 19
    Attributes: {}
    Throwable: 'org.testng.TestException: Expected exception java.io.IOException but
      got java.lang.Exception: Error at org.testng.internal.Invoker.handleInvocationResults(Invoker.java:1357)
      at org.testng.internal.Invoker.invokeMethod(Invoker.java:679) at org.testng.internal.Invoker.invokeTestMethod(Invoker.java:799)
      at org.testng.internal.Invoker.invokeTestMethods(Invoker.java:1103) at org.testng.internal.TestMethodWorker.invokeTestMethods(TestMethodWorker.java:137)
      at org.testng.internal.TestMethodWorker.run(TestMethodWorker.java:121) at org.testng.TestRunner.runWorkers(TestRunner.java:1098)
      at org.testng.TestRunner.privateRun(TestRunner.java:727) at org.testng.TestRunner.run(TestRunner.java:581)
      at org.testng.SuiteRunner.runTest(SuiteRunner.java:315) at org.testng.SuiteRunner.runSequentially(SuiteRunner.java:310)
      at org.testng.SuiteRunner.privateRun(SuiteRunner.java:272) at org.testng.SuiteRunner.run(SuiteRunner.java:221)
      at org.testng.SuiteRunnerWorker.runSuite(SuiteRunnerWorker.java:40) at org.testng.SuiteRunnerWorker.run(SuiteRunnerWorker.java:83)
      at org.testng.internal.thread.ThreadUtil$CountDownLatchedRunnable.run(ThreadUtil.java:151)
      at java.util.concurrent.ThreadPoolExecutor$Worker.runTask(ThreadPoolExecutor.java:651)
      at java.util.concurrent.ThreadPoolExecutor$Worker.run(ThreadPoolExecutor.java:676)
      at java.lang.Thread.run(Thread.java:595)'
  ...
ok 10 # SKIP previous test failed or was skipped.
ok 12 testWithBailOut
ok 14 testTapParserException1
ok 16 testTapParserException2
ok 18 testTapParserException3
ok 20 testTapParserException4
ok 22 testAppends
ok 24 testUtilConstructor
ok 26 simpleTest
ok 28 testConsumer_comment_planskipall
ok 30 testConsumer_header_plan
ok 32 testConsumer_header_plan_tr
ok 34 testConsumer_header_plan_tr_footer
ok 36 testConsumer_header_planskipall
ok 38 testConsumer_header_tr_plan
ok 40 testConsumer_invalid_comment_tr_bailout_header
ok 42 testConsumer_invalid_header_tr
ok 44 testConsumer_invalid_plan_header_plan
ok 46 testConsumer_invalid_plan_tr_header
ok 48 testConsumer_invalid_tr
ok 50 testConsumer_invalid_tr_footer
ok 52 testConsumer_invalid_tr_header_header_tr
ok 54 testConsumer_invalid_tr_plan_header
ok 56 testConsumer_output_andPrintSummary
ok 58 testConsumer_plan_comment_tr_footer
ok 60 testConsumer_plan_tr
ok 62 testConsumer_tap1_andPrintDetails
ok 64 testConsumer_tapStream1_andPrintDetails
ok 66 testBailOut
ok 68 testFooter
ok 70 testFooterWithComment
ok 72 testComment
ok 74 testHeader
ok 76 testSimplePlan
ok 78 testSkip
ok 80 testSkipAllPlan
ok 82 testNotOkTestResult
ok 84 testOkTestResult
ok 86 testOkTestResultSkip
ok 88 intrusiveTests
ok 90 testTestSet
ok 92 testText
ok 94 testTapProducer
ok 96 test1
ok 98 testDirective
ok 100 testNoReason
not ok 102
  ---
  file: br.eti.kinoshita.tap4j.ext.TestNGIntegration.java
  description: null
  wanted: '13'
  found: '1287077800020'
  extensions:
    Start: 1287077800020
    End: 1287077800020
    Took: 0
    Parameters: ''
    Attributes: {}
    Throwable: 'junit.framework.AssertionFailedError: expected:<13> but was:<1287077800020>
      at junit.framework.Assert.fail(Assert.java:47) at junit.framework.Assert.failNotEquals(Assert.java:282)
      at junit.framework.Assert.assertEquals(Assert.java:64) at junit.framework.Assert.assertEquals(Assert.java:136)
      at junit.framework.Assert.assertEquals(Assert.java:142) at br.eti.kinoshita.tap4j.ext.TestNGIntegration.anotherThatFails(TestNGIntegration.java:72)
      at sun.reflect.NativeMethodAccessorImpl.invoke0(Native Method) at sun.reflect.NativeMethodAccessorImpl.invoke(NativeMethodAccessorImpl.java:39)
      at sun.reflect.DelegatingMethodAccessorImpl.invoke(DelegatingMethodAccessorImpl.java:25)
      at java.lang.reflect.Method.invoke(Method.java:592) at org.testng.internal.MethodHelper.invokeMethod(MethodHelper.java:640)
      at org.testng.internal.Invoker.invokeMethod(Invoker.java:627) at org.testng.internal.Invoker.invokeTestMethod(Invoker.java:799)
      at org.testng.internal.Invoker.invokeTestMethods(Invoker.java:1103) at org.testng.internal.TestMethodWorker.invokeTestMethods(TestMethodWorker.java:137)
      at org.testng.internal.TestMethodWorker.run(TestMethodWorker.java:121) at org.testng.TestRunner.runWorkers(TestRunner.java:1098)
      at org.testng.TestRunner.privateRun(TestRunner.java:727) at org.testng.TestRunner.run(TestRunner.java:581)
      at org.testng.SuiteRunner.runTest(SuiteRunner.java:315) at org.testng.SuiteRunner.runSequentially(SuiteRunner.java:310)
      at org.testng.SuiteRunner.privateRun(SuiteRunner.java:272) at org.testng.SuiteRunner.run(SuiteRunner.java:221)
      at org.testng.SuiteRunnerWorker.runSuite(SuiteRunnerWorker.java:40) at org.testng.SuiteRunnerWorker.run(SuiteRunnerWorker.java:83)
      at org.testng.internal.thread.ThreadUtil$CountDownLatchedRunnable.run(ThreadUtil.java:151)
      at java.util.concurrent.ThreadPoolExecutor$Worker.runTask(ThreadPoolExecutor.java:651)
      at java.util.concurrent.ThreadPoolExecutor$Worker.run(ThreadPoolExecutor.java:676)
      at java.lang.Thread.run(Thread.java:595)'
  ...
ok 104 testTapProducer
